Case Config/Run Directory  Status  Iterations Que CPU Time
---- --------------------- ------- ---------- --- --------
1    poweroff/m0.8a4.0b0.0 DONE    1500/1500  .   ...

DONE=1, 
