Case Config/Run Directory   Status  Iterations Que CPU Time
---- ---------------------- ------- ---------- --- --------
0    poweroff/m0.80a0.0b0.0 ---     /          .           
2    poweroff/m0.90a0.0b0.0 ---     /          .           
4    poweroff/m1.05a0.0b0.0 ---     /          .           

---=3, 
