Case Config/Run Directory Status  Iterations Que CPU Time
---- -------------------- ------- ---------- --- --------
8    bullet/m1.10a0.0b0.0 DONE    200/200    .       1.74

DONE=1, 
