Case Config/Run Directory  Status  Iterations Que CPU Time
---- --------------------- ------- ---------- --- --------
15   poweroff/m1.5a2.0b2.0 ---     /          .           
18   poweroff/m2.5a0.0b2.0 ---     /          .           
19   poweroff/m2.5a2.0b2.0 ---     /          .           

---=3, 
