Case Config/Run Directory  Status  Iterations Que CPU Time
---- --------------------- ------- ---------- --- --------
0    poweroff/m0.5a0.0b0.0 ---     /          .           
1    poweroff/m0.5a2.0b0.0 ---     /          .           
2    poweroff/m0.5a0.0b2.0 ---     /          .           
3    poweroff/m0.5a2.0b2.0 ---     /          .           
4    poweroff/m0.8a0.0b0.0 ---     /          .           
5    poweroff/m0.8a2.0b0.0 ---     /          .           
6    poweroff/m0.8a0.0b2.0 ---     /          .           
7    poweroff/m0.8a2.0b2.0 ---     /          .           

---=8, 
