Case Config/Run Directory  Status  Iterations Que CPU Time
---- --------------------- ------- ---------- --- --------
0    poweroff/m1.5a0.0b0.0 ---     /          .           
1    poweroff/m2.0a0.0b0.0 ---     /          .           
2    poweroff/m2.0a2.0b0.0 ---     /          .           
3    poweroff/m2.0a2.0b2.0 ---     /          .           

---=4, 
